main.c:75:6:writecommand	16	static
main.c:84:6:writedata	16	static
main.c:92:6:init	8	static
main.c:182:6:setAddress	24	static
main.c:196:6:writeColorData	16	static
main.c:205:6:fillColor	16	static
main.c:210:6:draw	32	static
main.c:223:6:drawSnake	32	static
main.c:231:6:clearTail	24	static
main.c:237:6:diagonalMove	16	static
main.c:252:5:main	16	static
main.c:310:6:SystemClock_Config	104	static
main.c:361:13:MX_I2C1_Init	8	static
main.c:395:13:MX_I2S3_Init	8	static
main.c:429:13:MX_SPI1_Init	8	static
main.c:467:13:MX_SPI2_Init	8	static
main.c:503:13:MX_DMA_Init	16	static
main.c:521:13:MX_GPIO_Init	56	static
main.c:626:6:Error_Handler	4	static
